┏━━━━━━━━━━━━━┓
┃             ┃
┃   Buy       ┃
┃   groceries ┃
┃   for the   ┃
┃   week      ┃
┃             ┃
┃             ┃
┃             ┃
┃             ┃
┣─────────────┫
┃             ┃
┃             ┃
┃             ┃
┃         ○   ┃
┃             ┃
┃             ┃
┃             ┃
┃             ┃
┃             ┃
┃             ┃
┃             ┃
┃             ┃
┗━━━━━━━━━━━━━┛
▔▔▔▔▔▔▔▔▔▔▔▔▔▔▔