╭────────────────────────────────────────────────────────────────────────────────────────────────────────────────────╮
│                                              YOUR INSIGHTS DASHBOARD                                               │
╰────────────────────────────────────────────────────────────────────────────────────────────────────────────────────╯

                                                ★ 12 tasks completed ★                                                

╭────────────────────────────────────╮ ╭────────────────────────────────────╮ ╭────────────────────────────────────╮
│ COMPLETION TRENDS                  │ │ STREAKS                            │ │ DOOR PICKS                         │
│ Sun  Mon  Tue  Wed  Thu  Fri  Sat  │ │ No active streak — complete a task │ │ Left: 29%  |  Center: 43%  |       │
│ ▁    ▁    ▁    ▁    ▅    █    ▆    │ │ to start one!                      │ │ Right: 29%                         │
│ 0    0    0    0    3    5    4    │ ╰────────────────────────────────────╯ ╰────────────────────────────────────╯
│ This week: 12 | Last week: 0 | ↑   │                                                                              
│ 100%                               │                                                                              
╰────────────────────────────────────╯                                                                              
╭────────────────────────────────────────────────────────────────────────────────────────────────────────────────────╮
│ MOOD & PRODUCTIVITY                                                                                                │
│ Focused    ████████████████████ 3.5 (2)                                                                            │
│ Most productive mood: Focused                                                                                      │
│ Most frequent mood: Focused                                                                                        │
╰────────────────────────────────────────────────────────────────────────────────────────────────────────────────────╯

Press Esc to return