╭────────────────────────────────────────────────────────────────────────────╮
│                          YOUR INSIGHTS DASHBOARD                           │
╰────────────────────────────────────────────────────────────────────────────╯

                            ★ 12 tasks completed ★                            

╭────────────────────────────────────╮ ╭────────────────────────────────────╮
│ COMPLETION TRENDS                  │ │ STREAKS                            │
│ Sun  Mon  Tue  Wed  Thu  Fri  Sat  │ │ No active streak — complete a task │
│ ▁    ▁    ▁    ▁    ▅    █    ▆    │ │ to start one!                      │
│ 0    0    0    0    3    5    4    │ ╰────────────────────────────────────╯
│ This week: 12 | Last week: 0 | ↑   │                                       
│ 100%                               │                                       
╰────────────────────────────────────╯                                       
╭────────────────────────────────────╮ ╭────────────────────────────────────╮
│ MOOD & PRODUCTIVITY                │ │ DOOR PICKS                         │
│ Focused    ████████████████████    │ │ Left: 29%  |  Center: 43%  |       │
│ 3.5 (2)                            │ │ Right: 29%                         │
│ Most productive mood: Focused      │ ╰────────────────────────────────────╯
│ Most frequent mood: Focused        │                                       
╰────────────────────────────────────╯                                       

                 ★ You pick the center door 43% of the time!                  

Press Esc to return