ThreeDoors - Technical Demo
Pick one. Start small. That's progress.

╭────────────────────────╮╭────────────────────────╮╭────────────────────────╮
│                        ││                        ││                        │
│  [todo]                ││  [todo]                ││  [todo]                │
│                        ││                        ││                        │
│  Write tests           ││  Review PRs            ││  Update docs           │
│                        ││                        ││                        │
╰────────────────────────╯╰────────────────────────╯╰────────────────────────╯
▔▔▔▔▔▔▔▔▔▔▔▔▔▔▔▔▔▔▔▔▔▔▔▔▔▔▔▔▔▔▔▔▔▔▔▔▔▔▔▔▔▔▔▔▔▔▔▔▔▔▔▔▔▔▔▔▔▔▔▔▔▔▔▔▔▔▔▔▔▔▔▔▔▔▔▔▔▔

✓ Local

[s] re-roll  [n] add task

/ search | m mood | : command | ? help | q quit
hints: on — h to hide
Focus  ·  Quality  ·  Balance