  Completion History

  Today — March 15                                                              
    10:30  Write unit tests                                                     
    09:15  Review PR #42                                                        
                                                                                
  Yesterday — March 14                                                          
    17:00  Deploy staging [Jira]                                                
    14:45  Fix login bug                                                        
                                                                                
  Thursday — March 12                                                           
    11:00  Update docs [Linear]                                                 
                                                                                
  Tuesday — March 10                                                            
    09:00  Sprint planning                                                      
                                                                                
  March 5                                                                       
    16:30  Database migration                                                   
                                                                                
                                                                                
                                                                                
                                                                                
                                                                                
                                                                                
                                                                                
                                                                                
                                                                                

  100%
  j/k scroll | PgUp/PgDn page | q/Esc return